// Jest Snapshot v1, https://goo.gl/fbAQLP

exports[`renders correctly 1`] = `
<div
  className="wrapper"
  style={
    Object {
      "display": "flex",
      "justifyContent": "space-between",
    }
  }
>
  <h3>
    Let's do some Math!
  </h3>
  <div
    className="button-wrapper"
  >
    <div
      className="button-row calculator-display"
    >
      0
    </div>
    <div
      className="button-row"
    >
      <button
        onClick={[Function]}
        type="button"
        value="AC"
      >
        AC
      </button>
      <button
        onClick={[Function]}
        type="button"
        value="+/-"
      >
        +/-
      </button>
      <button
        onClick={[Function]}
        type="button"
        value="%"
      >
        %
      </button>
      <button
        className="button-right"
        onClick={[Function]}
        type="button"
        value="รท"
      >
        รท
      </button>
    </div>
    <div
      className="button-row"
    >
      <button
        onClick={[Function]}
        type="button"
        value="7"
      >
        7
      </button>
      <button
        onClick={[Function]}
        type="button"
        value="8"
      >
        8
      </button>
      <button
        onClick={[Function]}
        type="button"
        value="9"
      >
        9
      </button>
      <button
        className="button-right"
        onClick={[Function]}
        type="button"
        value="x"
      >
        *
      </button>
    </div>
    <div
      className="button-row"
    >
      <button
        onClick={[Function]}
        type="button"
        value="4"
      >
        4
      </button>
      <button
        onClick={[Function]}
        type="button"
        value="5"
      >
        5
      </button>
      <button
        onClick={[Function]}
        type="button"
        value="6"
      >
        6
      </button>
      <button
        className="button-right"
        onClick={[Function]}
        type="button"
        value="-"
      >
        -
      </button>
    </div>
    <div
      className="button-row"
    >
      <button
        onClick={[Function]}
        type="button"
        value="1"
      >
        1
      </button>
      <button
        onClick={[Function]}
        type="button"
        value="2"
      >
        2
      </button>
      <button
        onClick={[Function]}
        type="button"
        value="3"
      >
        3
      </button>
      <button
        className="button-right"
        onClick={[Function]}
        type="button"
        value="+"
      >
        +
      </button>
    </div>
    <div
      className="button-row"
    >
      <button
        className="zero"
        onClick={[Function]}
        type="button"
        value="0"
      >
        0
      </button>
      <button
        onClick={[Function]}
        type="button"
        value="-"
      >
        -
      </button>
      <button
        className="button-right"
        onClick={[Function]}
        type="button"
        value="="
      >
        =
      </button>
    </div>
  </div>
</div>
`;
