// Jest Snapshot v1, https://goo.gl/fbAQLP

exports[`renders NavBar 1`] = `null`;
